Token: Separator        Lexeme: @
    <Rat26S> -> @ <Opt Function Definitions> @ <Opt Declaration List> @ <Statement List> @
    <Opt Function Definitions> -> ε
Token: Separator        Lexeme: @
    <Opt Declaration List> -> <Declaration List>
    <Declaration List> -> <Declaration> ; <Declaration List'>
    <Declaration> -> <Qualifier> <IDs>
Token: Keyword          Lexeme: integer
    <Qualifier> -> integer | boolean
Token: Identifier       Lexeme: i
    <IDs> -> <Identifier> <IDs'>
Token: Separator        Lexeme: ,
    <IDs'> -> , <Identifier> <IDs'>
Token: Identifier       Lexeme: max
Token: Separator        Lexeme: ,
    <IDs'> -> , <Identifier> <IDs'>
Token: Identifier       Lexeme: sum
    <IDs'> -> ε
Token: Separator        Lexeme: ;
    <Declaration List'> -> ε
Token: Separator        Lexeme: @
    <Statement List> -> <Statement> <Statement List'>
    <Statement> -> <Assign>
Token: Identifier       Lexeme: sum
    <Assign> -> <Identifier> = <Expression> ;
Token: Operator         Lexeme: =
    <Expression> -> <Term> <Expression'>
    <Term> -> <Factor> <Term'>
    <Factor> -> <Primary>
Token: Integer          Lexeme: 0
    <Primary> -> <Integer>
    <Term'> -> ε
    <Expression'> -> ε
Token: Separator        Lexeme: ;
    <Statement List'> -> <Statement> <Statement List'>
    <Statement> -> <Assign>
Token: Identifier       Lexeme: i
    <Assign> -> <Identifier> = <Expression> ;
Token: Operator         Lexeme: =
    <Expression> -> <Term> <Expression'>
    <Term> -> <Factor> <Term'>
    <Factor> -> <Primary>
Token: Integer          Lexeme: 1
    <Primary> -> <Integer>
    <Term'> -> ε
    <Expression'> -> ε
Token: Separator        Lexeme: ;
    <Statement List'> -> <Statement> <Statement List'>
    <Statement> -> <Scan>
Token: Keyword          Lexeme: read
    <Scan> -> read ( <IDs> );
Token: Separator        Lexeme: (
Token: Identifier       Lexeme: max
Token: Separator        Lexeme: )
Token: Separator        Lexeme: ;
    <Statement List'> -> <Statement> <Statement List'>
    <Statement> -> <While>
Token: Keyword          Lexeme: while
    <While> -> while ( <Condition> ) <Statement>
Token: Separator        Lexeme: (
    <Condition> -> <Expression> <Relop> <Expression>
    <Expression> -> <Term> <Expression'>
    <Term> -> <Factor> <Term'>
    <Factor> -> <Primary>
Token: Identifier       Lexeme: i
    <Primary> -> <Identifier>
    <Term'> -> ε
    <Expression'> -> ε
Token: Operator         Lexeme: <
    <Relop> -> == | != | > | < | <= | =>
    <Expression> -> <Term> <Expression'>
    <Term> -> <Factor> <Term'>
    <Factor> -> <Primary>
Token: Identifier       Lexeme: max
    <Primary> -> <Identifier>
    <Term'> -> ε
    <Expression'> -> ε
Token: Separator        Lexeme: )
    <Statement> -> <Compound>
Token: Separator        Lexeme: {
    <Compound> -> { <Statement List> }
    <Statement List> -> <Statement> <Statement List'>
    <Statement> -> <Assign>
Token: Identifier       Lexeme: sum
    <Assign> -> <Identifier> = <Expression> ;
Token: Operator         Lexeme: =
    <Expression> -> <Term> <Expression'>
    <Term> -> <Factor> <Term'>
    <Factor> -> <Primary>
Token: Identifier       Lexeme: sum
    <Primary> -> <Identifier>
    <Term'> -> ε
Token: Operator         Lexeme: +
    <Expression'> -> + <Term> <Expression'>
    <Term> -> <Factor> <Term'>
    <Factor> -> <Primary>
Token: Identifier       Lexeme: i
    <Primary> -> <Identifier>
    <Term'> -> ε
    <Expression'> -> ε
Token: Separator        Lexeme: ;
    <Statement List'> -> <Statement> <Statement List'>
    <Statement> -> <Assign>
Token: Identifier       Lexeme: i
    <Assign> -> <Identifier> = <Expression> ;
Token: Operator         Lexeme: =
    <Expression> -> <Term> <Expression'>
    <Term> -> <Factor> <Term'>
    <Factor> -> <Primary>
Token: Identifier       Lexeme: i
    <Primary> -> <Identifier>
    <Term'> -> ε
Token: Operator         Lexeme: +
    <Expression'> -> + <Term> <Expression'>
    <Term> -> <Factor> <Term'>
    <Factor> -> <Primary>
Token: Integer          Lexeme: 1
    <Primary> -> <Integer>
    <Term'> -> ε
    <Expression'> -> ε
Token: Separator        Lexeme: ;
    <Statement List'> -> ε
Token: Separator        Lexeme: }
    <Statement List'> -> <Statement> <Statement List'>
    <Statement> -> <Print>
Token: Keyword          Lexeme: write
    <Print> -> write ( <Expression> );
Token: Separator        Lexeme: (
    <Expression> -> <Term> <Expression'>
    <Term> -> <Factor> <Term'>
    <Factor> -> <Primary>
Token: Identifier       Lexeme: sum
    <Primary> -> <Identifier>
    <Term'> -> ε
Token: Operator         Lexeme: +
    <Expression'> -> + <Term> <Expression'>
    <Term> -> <Factor> <Term'>
    <Factor> -> <Primary>
Token: Identifier       Lexeme: max
    <Primary> -> <Identifier>
    <Term'> -> ε
    <Expression'> -> ε
Token: Separator        Lexeme: )
Token: Separator        Lexeme: ;
    <Statement List'> -> ε
Token: Separator        Lexeme: @

Syntax is correct.


========================================
  Assembly Code Listing
========================================
  1     PUSHI       0
  2     POPM        10002
  3     PUSHI       1
  4     POPM        10000
  5     SIN
  6     POPM        10001
  7     LABEL
  8     PUSHM       10000
  9     PUSHM       10001
  10    LES
  11    JMPZ        21
  12    PUSHM       10002
  13    PUSHM       10000
  14    A
  15    POPM        10002
  16    PUSHM       10000
  17    PUSHI       1
  18    A
  19    POPM        10000
  20    JMP         7
  21    PUSHM       10002
  22    PUSHM       10001
  23    A
  24    SOUT
========================================


=============================================
  Symbol Table
=============================================
  Identifier      MemoryLocation     Type
=============================================
  i               10000              integer
  max             10001              integer
  sum             10002              integer
=============================================
