Token: Keyword Lexeme: while
  <Rat26S> -> <StatementList>
  <StatementList> -> <Statement> <StatementList>
  <Statement> -> <While>
  <While> -> while ( <Condition> ) <Statement>
Token: Separator Lexeme: (
Token: Identifier Lexeme: fahr
  <Condition> -> <Expression> <RelExprPrime>
  <Expression> -> <Term> <ExpressionPrime>
  <Term> -> <Factor> <TermPrime>
  <Factor> -> <Primary>
  <Primary> -> <Identifier> <OptArguments>
Token: Operator Lexeme: <=
  <OptArguments> -> ε
  <TermPrime> -> ε
  <ExpressionPrime> -> ε
  <RelExprPrime> -> <= <Expression>
Token: Identifier Lexeme: upper
  <Expression> -> <Term> <ExpressionPrime>
  <Term> -> <Factor> <TermPrime>
  <Factor> -> <Primary>
  <Primary> -> <Identifier> <OptArguments>
Token: Separator Lexeme: )
  <OptArguments> -> ε
  <TermPrime> -> ε
  <ExpressionPrime> -> ε
Token: Identifier Lexeme: a
  <Statement> -> <Assign>
  <Assign> -> <Identifier> = <Expression> ;
Token: Operator Lexeme: =
Token: Real Lexeme: 23.00
  <Expression> -> <Term> <ExpressionPrime>
  <Term> -> <Factor> <TermPrime>
  <Factor> -> <Primary>
  <Primary> -> <Real>
Token: Separator Lexeme: ;
  <TermPrime> -> ε
  <ExpressionPrime> -> ε
  <StatementList> -> ε
